recall:    0.30612244897959184
precision: 0.38388625592417064
slot-f1:   0.34062237174095883
intents:   0.5669586983729662
fullCor:   0.13516896120150187

unlabeled
ul_recall:    0.4497354497354497
ul_precision: 0.5639810426540285
ul_slot-f1:   0.5004205214465938

loose (partial overlap with same label)
l_recall:    0.41118669690098264
l_precision: 0.5251184834123223
l_slot-f1:   0.4612208481079104
