recall:    0.3112208892025406
precision: 0.3834782608695652
slot-f1:   0.34359174133229453
intents:   0.5596330275229358
fullCor:   0.13188073394495411

unlabeled
ul_recall:    0.4537755822159492
ul_precision: 0.5591304347826087
ul_slot-f1:   0.5009738994935722

loose (partial overlap with same label)
l_recall:    0.41213832039520115
l_precision: 0.5173913043478261
l_slot-f1:   0.45880578194577865
