recall:    0.3711262282690854
precision: 0.3238786279683377
slot-f1:   0.34589644240929907
intents:   0.5281602002503129
fullCor:   0.10137672090112641

unlabeled
ul_recall:    0.6054421768707483
ul_precision: 0.5283641160949868
ul_slot-f1:   0.5642831983092638

loose (partial overlap with same label)
l_recall:    0.5200302343159486
l_precision: 0.4716358839050132
l_slot-f1:   0.49465221149016597
