recall:    0.7035123966942148
precision: 0.6851106639839034
slot-f1:   0.6941896024464832
intents:   0.742
fullCor:   0.352

unlabeled
ul_recall:    0.8398760330578512
ul_precision: 0.817907444668008
ul_slot-f1:   0.8287461773700306

loose (partial overlap with same label)
l_recall:    0.7882231404958677
l_precision: 0.7776659959758552
l_slot-f1:   0.7829089803714908
