recall:    0.37473535638673255
precision: 0.3247706422018349
slot-f1:   0.34796854521625165
intents:   0.5286697247706422
fullCor:   0.09862385321100918

unlabeled
ul_recall:    0.6196189131968949
ul_precision: 0.5370030581039755
ul_slot-f1:   0.5753604193971167

loose (partial overlap with same label)
l_recall:    0.5187014820042343
l_precision: 0.46605504587155966
l_slot-f1:   0.4909709885561077
