recall:    0.9553014553014553
precision: 0.9474226804123711
slot-f1:   0.9513457556935816
intents:   0.988
fullCor:   0.912

unlabeled
ul_recall:    0.9885654885654885
ul_precision: 0.9804123711340206
ul_slot-f1:   0.984472049689441

loose (partial overlap with same label)
l_recall:    0.974012474012474
l_precision: 0.9711340206185567
l_slot-f1:   0.9725711175288994
