recall:    0.27761194029850744
precision: 0.25271739130434784
slot-f1:   0.2645803698435278
intents:   0.4129353233830846
fullCor:   0.05472636815920398

unlabeled
ul_recall:    0.6119402985074627
ul_precision: 0.5570652173913043
ul_slot-f1:   0.5832147937411094

loose (partial overlap with same label)
l_recall:    0.3970149253731343
l_precision: 0.37771739130434784
l_slot-f1:   0.3871258206032939
