recall:    0.3450952717007763
precision: 0.31877444589308995
slot-f1:   0.33141308031175876
intents:   0.4426605504587156
fullCor:   0.09747706422018348

unlabeled
ul_recall:    0.625970359915314
ul_precision: 0.5782268578878749
ul_slot-f1:   0.6011521518129448

loose (partial overlap with same label)
l_recall:    0.45589273112208895
l_precision: 0.44002607561929596
l_slot-f1:   0.4478189047256423
