recall:    0.38095238095238093
precision: 0.38443935926773454
slot-f1:   0.38268792710706145
intents:   0.5394242803504381
fullCor:   0.14643304130162704

unlabeled
ul_recall:    0.5744520030234316
ul_precision: 0.5797101449275363
ul_slot-f1:   0.5770690964312832

loose (partial overlap with same label)
l_recall:    0.4935752078609221
l_precision: 0.5217391304347826
l_slot-f1:   0.5072665479851107
