recall:    0.3164179104477612
precision: 0.2663316582914573
slot-f1:   0.2892223738062755
intents:   0.3880597014925373
fullCor:   0.07960199004975124

unlabeled
ul_recall:    0.6805970149253732
ul_precision: 0.5728643216080402
ul_slot-f1:   0.6221009549795362

loose (partial overlap with same label)
l_recall:    0.42686567164179107
l_precision: 0.3693467336683417
l_slot-f1:   0.3960285986115167
