recall:    0.35525321239606955
precision: 0.2943018159048215
slot-f1:   0.3219178082191781
intents:   0.5106382978723404
fullCor:   0.10888610763454318

unlabeled
ul_recall:    0.6190476190476191
ul_precision: 0.5128365685660614
ul_slot-f1:   0.560958904109589

loose (partial overlap with same label)
l_recall:    0.46938775510204084
l_precision: 0.4007514088916719
l_slot-f1:   0.4323625736147215
