recall:    0.31827805222300637
precision: 0.27119663259170174
slot-f1:   0.2928571428571428
intents:   0.5561926605504587
fullCor:   0.08830275229357798

unlabeled
ul_recall:    0.5504587155963303
ul_precision: 0.46903187011425135
ul_slot-f1:   0.5064935064935064

loose (partial overlap with same label)
l_recall:    0.4947071277346507
l_precision: 0.4455802766085388
l_slot-f1:   0.468860345885836
