recall:    0.2656716417910448
precision: 0.22418136020151133
slot-f1:   0.24316939890710385
intents:   0.39800995024875624
fullCor:   0.04975124378109453

unlabeled
ul_recall:    0.573134328358209
ul_precision: 0.4836272040302267
ul_slot-f1:   0.5245901639344263

loose (partial overlap with same label)
l_recall:    0.4626865671641791
l_precision: 0.4080604534005038
l_slot-f1:   0.4336600319502612
