recall:    0.7747933884297521
precision: 0.8259911894273128
slot-f1:   0.7995735607675907
intents:   0.916
fullCor:   0.608

unlabeled
ul_recall:    0.875
ul_precision: 0.9328193832599119
ul_slot-f1:   0.9029850746268656

loose (partial overlap with same label)
l_recall:    0.8543388429752066
l_precision: 0.9151982378854625
l_slot-f1:   0.8837219768999899
