recall:    0.25671641791044775
precision: 0.30824372759856633
slot-f1:   0.28013029315960913
intents:   0.5223880597014925
fullCor:   0.0945273631840796

unlabeled
ul_recall:    0.4537313432835821
ul_precision: 0.5448028673835126
ul_slot-f1:   0.49511400651465803

loose (partial overlap with same label)
l_recall:    0.408955223880597
l_precision: 0.5161290322580645
l_slot-f1:   0.45633392318101385
