recall:    0.34845049130763417
precision: 0.37663398692810457
slot-f1:   0.3619945033372595
intents:   0.5269086357947435
fullCor:   0.13642052565707133

unlabeled
ul_recall:    0.546485260770975
ul_precision: 0.5906862745098039
ul_slot-f1:   0.5677267373380447

loose (partial overlap with same label)
l_recall:    0.4512471655328798
l_precision: 0.5089869281045751
l_slot-f1:   0.4783810742033381
