recall:    0.9604989604989606
precision: 0.9575129533678757
slot-f1:   0.9590036325895174
intents:   0.992
fullCor:   0.922

unlabeled
ul_recall:    0.9896049896049897
ul_precision: 0.9865284974093265
ul_slot-f1:   0.9880643487285937

loose (partial overlap with same label)
l_recall:    0.974012474012474
l_precision: 0.9761658031088083
l_slot-f1:   0.9750879497395339
