recall:    0.8192148760330579
precision: 0.842720510095643
slot-f1:   0.8308014667365112
intents:   0.904
fullCor:   0.642

unlabeled
ul_recall:    0.8925619834710744
ul_precision: 0.9181721572794899
ul_slot-f1:   0.9051859612362495

loose (partial overlap with same label)
l_recall:    0.893595041322314
l_precision: 0.9309245483528161
l_slot-f1:   0.9118779156560464
