recall:    0.3044776119402985
precision: 0.33774834437086093
slot-f1:   0.3202511773940345
intents:   0.6169154228855721
fullCor:   0.14925373134328357

unlabeled
ul_recall:    0.47761194029850745
ul_precision: 0.5298013245033113
ul_slot-f1:   0.5023547880690737

loose (partial overlap with same label)
l_recall:    0.46567164179104475
l_precision: 0.5463576158940397
l_slot-f1:   0.5027982068035981
