recall:    0.39096683133380383
precision: 0.3841886269070735
slot-f1:   0.3875480937390696
intents:   0.6020642201834863
fullCor:   0.13990825688073394

unlabeled
ul_recall:    0.592801693719125
ul_precision: 0.5825242718446602
ul_slot-f1:   0.5876180482686254

loose (partial overlap with same label)
l_recall:    0.5081157374735357
l_precision: 0.5194174757281553
l_slot-f1:   0.5137044532388253
