recall:    0.7303719008264463
precision: 0.6864077669902913
slot-f1:   0.7077077077077079
intents:   0.7
fullCor:   0.35

unlabeled
ul_recall:    0.8543388429752066
ul_precision: 0.8029126213592233
ul_slot-f1:   0.8278278278278278

loose (partial overlap with same label)
l_recall:    0.8026859504132231
l_precision: 0.7747572815533981
l_slot-f1:   0.7884743771196625
