recall:    0.32238805970149254
precision: 0.2918918918918919
slot-f1:   0.30638297872340425
intents:   0.39800995024875624
fullCor:   0.0845771144278607

unlabeled
ul_recall:    0.6179104477611941
ul_precision: 0.5594594594594594
ul_slot-f1:   0.5872340425531916

loose (partial overlap with same label)
l_recall:    0.46567164179104475
l_precision: 0.43783783783783786
l_slot-f1:   0.4513260112510046
