recall:    0.24776119402985075
precision: 0.29225352112676056
slot-f1:   0.26817447495961233
intents:   0.3482587064676617
fullCor:   0.05472636815920398

unlabeled
ul_recall:    0.5164179104477612
ul_precision: 0.6091549295774648
ul_slot-f1:   0.5589660743134088

loose (partial overlap with same label)
l_recall:    0.3582089552238806
l_precision: 0.4295774647887324
l_slot-f1:   0.390660440293529
