recall:    0.3733239237826394
precision: 0.3536096256684492
slot-f1:   0.3631994507380707
intents:   0.6089449541284404
fullCor:   0.1341743119266055

unlabeled
ul_recall:    0.5511644318983768
ul_precision: 0.5220588235294118
ul_slot-f1:   0.5362169584620665

loose (partial overlap with same label)
l_recall:    0.49894142554693016
l_precision: 0.48863636363636365
l_slot-f1:   0.49373512956060644
