recall:    0.37188208616780044
precision: 0.35600578871201155
slot-f1:   0.3637707948243992
intents:   0.6070087609511889
fullCor:   0.14267834793491865

unlabeled
ul_recall:    0.5517762660619804
ul_precision: 0.5282199710564399
ul_slot-f1:   0.5397412199630314

loose (partial overlap with same label)
l_recall:    0.5018896447467877
l_precision: 0.49782923299565845
l_slot-f1:   0.4998511930813536
