recall:    0.8316115702479339
precision: 0.844700944386149
slot-f1:   0.8381051535658511
intents:   0.94
fullCor:   0.674

unlabeled
ul_recall:    0.8966942148760331
ul_precision: 0.9108079748163693
ul_slot-f1:   0.9036959916710047

loose (partial overlap with same label)
l_recall:    0.9152892561983471
l_precision: 0.9349422875131165
l_slot-f1:   0.9250113952869796
