recall:    0.9615384615384616
precision: 0.960539979231568
slot-f1:   0.961038961038961
intents:   0.992
fullCor:   0.924

unlabeled
ul_recall:    0.9896049896049897
ul_precision: 0.9885773624091381
ul_slot-f1:   0.9890909090909091

loose (partial overlap with same label)
l_recall:    0.975051975051975
l_precision: 0.9761163032191069
l_slot-f1:   0.9755838488493417
