recall:    0.9501039501039501
precision: 0.9422680412371134
slot-f1:   0.9461697722567288
intents:   0.992
fullCor:   0.906

unlabeled
ul_recall:    0.9864864864864865
ul_precision: 0.9783505154639175
ul_slot-f1:   0.9824016563146998

loose (partial overlap with same label)
l_recall:    0.974012474012474
l_precision: 0.9721649484536082
l_slot-f1:   0.9730878342958588
