recall:    0.9542619542619543
precision: 0.945417095777549
slot-f1:   0.9498189342990172
intents:   0.992
fullCor:   0.906

unlabeled
ul_recall:    0.9896049896049897
ul_precision: 0.98043254376931
ul_slot-f1:   0.9849974133471288

loose (partial overlap with same label)
l_recall:    0.9708939708939709
l_precision: 0.9680741503604532
l_slot-f1:   0.9694820102098395
