recall:    0.3885109599395314
precision: 0.3681948424068768
slot-f1:   0.378080176535491
intents:   0.5356695869837297
fullCor:   0.12640801001251564

unlabeled
ul_recall:    0.6220710506424793
ul_precision: 0.589541547277937
ul_slot-f1:   0.605369621184259

loose (partial overlap with same label)
l_recall:    0.5086923658352229
l_precision: 0.49570200573065903
l_slot-f1:   0.5021131802068328
