recall:    0.30149253731343284
precision: 0.29022988505747127
slot-f1:   0.2957540263543192
intents:   0.4129353233830846
fullCor:   0.07960199004975124

unlabeled
ul_recall:    0.6388059701492538
ul_precision: 0.6149425287356322
ul_slot-f1:   0.6266471449487555

loose (partial overlap with same label)
l_recall:    0.43283582089552236
l_precision: 0.4224137931034483
l_slot-f1:   0.42756130585226415
