recall:    0.6704545454545454
precision: 0.7092896174863388
slot-f1:   0.6893255443441317
intents:   0.76
fullCor:   0.38

unlabeled
ul_recall:    0.7758264462809917
ul_precision: 0.8207650273224044
ul_slot-f1:   0.7976633032395114

loose (partial overlap with same label)
l_recall:    0.746900826446281
l_precision: 0.805464480874317
l_slot-f1:   0.7750779840300925
