recall:    0.3705010585744531
precision: 0.38917716827279464
slot-f1:   0.3796095444685466
intents:   0.573394495412844
fullCor:   0.13646788990825687

unlabeled
ul_recall:    0.5970359915314044
ul_precision: 0.6271312083024463
ul_slot-f1:   0.6117136659436008

loose (partial overlap with same label)
l_recall:    0.4855328158080452
l_precision: 0.5226093402520385
l_slot-f1:   0.503389294882406
