recall:    0.2955223880597015
precision: 0.3113207547169811
slot-f1:   0.30321592649310875
intents:   0.43781094527363185
fullCor:   0.12437810945273632

unlabeled
ul_recall:    0.564179104477612
ul_precision: 0.5943396226415094
ul_slot-f1:   0.5788667687595712

loose (partial overlap with same label)
l_recall:    0.4
l_precision: 0.44025157232704404
l_slot-f1:   0.4191616766467066
