recall:    0.2746268656716418
precision: 0.32167832167832167
slot-f1:   0.29629629629629634
intents:   0.5572139303482587
fullCor:   0.1044776119402985

unlabeled
ul_recall:    0.44477611940298506
ul_precision: 0.5209790209790209
ul_slot-f1:   0.47987117552334946

loose (partial overlap with same label)
l_recall:    0.4298507462686567
l_precision: 0.527972027972028
l_slot-f1:   0.47388551689568376
