recall:    0.6756198347107438
precision: 0.6869747899159664
slot-f1:   0.68125
intents:   0.7
fullCor:   0.354

unlabeled
ul_recall:    0.8057851239669421
ul_precision: 0.819327731092437
ul_slot-f1:   0.8125

loose (partial overlap with same label)
l_recall:    0.7520661157024794
l_precision: 0.7857142857142857
l_slot-f1:   0.7685220729366603
