recall:    0.36485532815808047
precision: 0.3711414213926777
slot-f1:   0.36797153024911033
intents:   0.4988532110091743
fullCor:   0.10435779816513761

unlabeled
ul_recall:    0.5793930839802399
ul_precision: 0.589375448671931
ul_slot-f1:   0.5843416370106762

loose (partial overlap with same label)
l_recall:    0.4911785462244178
l_precision: 0.5254845656855707
l_slot-f1:   0.5077527491912385
